// Jest Snapshot v1, https://goo.gl/fbAQLP

exports[`UI Component: Loader -> Spinner should render 1`] = `
<div
  className=" css-93jcja-Spinner"
/>
`;
